// Jest Snapshot v1, https://goo.gl/fbAQLP

exports[`SearchPage component renders SearchPage 1`] = `
<Fragment>
  <SearchForm
    onChange={[Function]}
    onSubmit={[Function]}
    searchQuery=""
  />
  <Pagination
    count={0}
    nextPage={[Function]}
    prevPage={[Function]}
  />
  <ArtistSearchResults
    artists={Array []}
  />
</Fragment>
`;
